--------------------------------------------------------------------------------
Release 14.7 Trace  (nt)
Copyright (c) 1995-2013 Xilinx, Inc.  All rights reserved.

C:\Xilinx\14.7\ISE_DS\ISE\bin\nt\unwrapped\trce.exe -intstyle ise -v 3 -s 5 -n
3 -fastpaths -xml Multiplier_4x4.twx Multiplier_4x4.ncd -o Multiplier_4x4.twr
Multiplier_4x4.pcf

Design file:              Multiplier_4x4.ncd
Physical constraint file: Multiplier_4x4.pcf
Device,package,speed:     xc3s250e,ft256,-5 (PRODUCTION 1.27 2013-10-13)
Report level:             verbose report

Environment Variable      Effect 
--------------------      ------ 
NONE                      No environment variables were set
--------------------------------------------------------------------------------

INFO:Timing:2698 - No timing constraints found, doing default enumeration.
INFO:Timing:3412 - To improve timing, see the Timing Closure User Guide (UG612).
INFO:Timing:2752 - To get complete path coverage, use the unconstrained paths 
   option. All paths that are not constrained will be reported in the 
   unconstrained paths section(s) of the report.
INFO:Timing:3339 - The clock-to-out numbers in this timing report are based on 
   a 50 Ohm transmission line loading model.  For the details of this model, 
   and for more information on accounting for different loading conditions, 
   please see the device datasheet.
INFO:Timing:3390 - This architecture does not support a default System Jitter 
   value, please add SYSTEM_JITTER constraint to the UCF to modify the Clock 
   Uncertainty calculation.
INFO:Timing:3389 - This architecture does not support 'Discrete Jitter' and 
   'Phase Error' calculations, these terms will be zero in the Clock 
   Uncertainty calculation.  Please make appropriate modification to 
   SYSTEM_JITTER to account for the unsupported Discrete Jitter and Phase 
   Error.



Data Sheet report:
-----------------
All values displayed in nanoseconds (ns)

Pad to Pad
---------------+---------------+---------+
Source Pad     |Destination Pad|  Delay  |
---------------+---------------+---------+
A<0>           |C<0>           |    5.506|
A<0>           |C<1>           |    5.701|
A<0>           |C<2>           |    7.613|
A<0>           |C<3>           |    7.977|
A<0>           |C<4>           |    9.637|
A<0>           |C<5>           |   10.961|
A<0>           |C<6>           |   11.992|
A<0>           |C<7>           |   11.935|
A<1>           |C<1>           |    5.522|
A<1>           |C<2>           |    7.643|
A<1>           |C<3>           |    7.917|
A<1>           |C<4>           |    9.577|
A<1>           |C<5>           |   10.901|
A<1>           |C<6>           |   11.932|
A<1>           |C<7>           |   11.875|
A<2>           |C<2>           |    6.297|
A<2>           |C<3>           |    6.716|
A<2>           |C<4>           |    8.169|
A<2>           |C<5>           |    9.493|
A<2>           |C<6>           |   10.524|
A<2>           |C<7>           |   10.467|
A<3>           |C<3>           |    7.351|
A<3>           |C<4>           |    7.852|
A<3>           |C<5>           |    9.039|
A<3>           |C<6>           |   10.070|
A<3>           |C<7>           |   10.013|
B<0>           |C<0>           |    5.645|
B<0>           |C<1>           |    5.699|
B<0>           |C<2>           |    7.667|
B<0>           |C<3>           |    8.031|
B<0>           |C<4>           |    9.691|
B<0>           |C<5>           |   11.015|
B<0>           |C<6>           |   12.046|
B<0>           |C<7>           |   11.989|
B<1>           |C<1>           |    5.859|
B<1>           |C<2>           |    7.913|
B<1>           |C<3>           |    8.187|
B<1>           |C<4>           |    9.847|
B<1>           |C<5>           |   11.171|
B<1>           |C<6>           |   12.202|
B<1>           |C<7>           |   12.145|
B<2>           |C<2>           |    7.408|
B<2>           |C<3>           |    7.662|
B<2>           |C<4>           |    9.322|
B<2>           |C<5>           |   10.646|
B<2>           |C<6>           |   11.677|
B<2>           |C<7>           |   11.620|
B<3>           |C<3>           |    6.415|
B<3>           |C<4>           |    8.075|
B<3>           |C<5>           |    9.399|
B<3>           |C<6>           |   10.430|
B<3>           |C<7>           |   10.373|
---------------+---------------+---------+


Analysis completed Fri Feb 01 20:03:16 2019 
--------------------------------------------------------------------------------

Trace Settings:
-------------------------
Trace Settings 

Peak Memory Usage: 135 MB



